// Jest Snapshot v1, https://goo.gl/fbAQLP

exports[`renders correctly 1`] = `
<Composition
  loadSync={true}
  onTimelinesLoaded={[Function]}
  source="PDP_Main"
>
  <TimelineRef
    name="Out"
    onAborted={[Function]}
    onCompleted={[Function]}
    onCompletedForward={[Function]}
    onCompletedReverse={[Function]}
    onCompositionDidLoad={[Function]}
    onPaused={[Function]}
    onPausedForward={[Function]}
    onPausedReverse={[Function]}
    onPlay={[Function]}
    onPlayForward={[Function]}
    onPlayReverse={[Function]}
    onStarted={[Function]}
    onStartedForward={[Function]}
    onStartedReverse={[Function]}
  />
  <TimelineRef
    name="In"
    onAborted={[Function]}
    onCompleted={[Function]}
    onCompletedForward={[Function]}
    onCompletedReverse={[Function]}
    onCompositionDidLoad={[Function]}
    onPaused={[Function]}
    onPausedForward={[Function]}
    onPausedReverse={[Function]}
    onPlay={[Function]}
    onPlayForward={[Function]}
    onPlayReverse={[Function]}
    onStarted={[Function]}
    onStartedForward={[Function]}
    onStartedReverse={[Function]}
  />
  <YiPushButtonView
    name="Btn-Play"
    onCompositionDidLoad={[Function]}
    onPress={[Function]}
    onTimelinesLoaded={[Function]}
  />
  <YiTextSceneNode
    name="MoreLikeThis-NotFound"
    visible={true}
  />
  <ViewRef
    name="ListAnchor"
    onCompositionDidLoad={[Function]}
    onTimelinesLoaded={[Function]}
  />
</Composition>
`;
